Last login: Tue May  4 15:40:14 on ttys000

The default interactive shell is now zsh.
To update your account to use zsh, please run `chsh -s /bin/zsh`.
For more details, please visit https://support.apple.com/kb/HT208050.
Kevins-MacBook-Air:~ kevinbellagamba$ ls
Applications	Documents	Movies		bootstrap	script.js
Coding		Downloads	Music		composer.phar	style.css
CodingDojo	Git		Pictures	foo		udemy
Desktop		Library		Public		index.html
Kevins-MacBook-Air:~ kevinbellagamba$ cd
Kevins-MacBook-Air:~ kevinbellagamba$ cd
Kevins-MacBook-Air:~ kevinbellagamba$ cd CodingDojo
Kevins-MacBook-Air:CodingDojo kevinbellagamba$ ls
Bellagamba_Kevin_JSPredict.js		Submissions
Bellagamba_Kevin_JSPredict.js.zip	sample.html
Bellagamba_Kevin_VS_Assignment_1.html	test.html
NinjaGame
Kevins-MacBook-Air:CodingDojo kevinbellagamba$ git clone https://github.com/kevinbellagamba/git_demo.git
Cloning into 'git_demo'...
remote: Enumerating objects: 3, done.
remote: Total 3 (delta 0), reused 0 (delta 0), pack-reused 3
Receiving objects: 100% (3/3), done.
Kevins-MacBook-Air:CodingDojo kevinbellagamba$ ls
Bellagamba_Kevin_JSPredict.js		Submissions
Bellagamba_Kevin_JSPredict.js.zip	git_demo
Bellagamba_Kevin_VS_Assignment_1.html	sample.html
NinjaGame				test.html
Kevins-MacBook-Air:CodingDojo kevinbellagamba$ cd git_demo
Kevins-MacBook-Air:git_demo kevinbellagamba$ ls
demo_index.html
Kevins-MacBook-Air:git_demo kevinbellagamba$ git init
Reinitialized existing Git repository in /Users/kevinbellagamba/CodingDojo/git_demo/.git/
Kevins-MacBook-Air:git_demo kevinbellagamba$ git add .
Kevins-MacBook-Air:git_demo kevinbellagamba$ git commit -m "added info"
[master d107c54] added info
 1 file changed, 3 insertions(+), 3 deletions(-)
Kevins-MacBook-Air:git_demo kevinbellagamba$ git .log
git: '.log' is not a git command. See 'git --help'.

The most similar command is
	log
Kevins-MacBook-Air:git_demo kevinbellagamba$ git log
commit d107c54b148a27bc5c288eca429fc20a892e020b (HEAD -> master)
Author: kevinbellagamba <81800763+kevinbellagamba@users.noreply.github.com>
Date:   Fri Jun 4 13:39:04 2021 -0400

    added info

commit 199a72c57160d2f65b8403e50f26f01336c100c0 (origin/master, origin/HEAD)
Author: Jimmy Jun <jimmy.s.jun@gmail.com>
Date:   Sun Apr 19 17:28:23 2015 -0700

    Initial Commit
Kevins-MacBook-Air:git_demo kevinbellagamba$ git status
On branch master
Your branch is ahead of 'origin/master' by 1 commit.
  (use "git push" to publish your local commits)

nothing to commit, working tree clean
Kevins-MacBook-Air:git_demo kevinbellagamba$ git push
Username for 'https://github.com': kevinbellagamba
Password for 'https://kevinbellagamba@github.com': 
Enumerating objects: 5, done.
Counting objects: 100% (5/5), done.
Delta compression using up to 4 threads
Compressing objects: 100% (2/2), done.
Writing objects: 100% (3/3), 357 bytes | 357.00 KiB/s, done.
Total 3 (delta 1), reused 0 (delta 0), pack-reused 0
remote: Resolving deltas: 100% (1/1), completed with 1 local object.
To https://github.com/kevinbellagamba/git_demo.git
   199a72c..d107c54  master -> master
Kevins-MacBook-Air:git_demo kevinbellagamba$ 
